Login successful: admin@worktrackr.com admin
Fetched 4 employees
[
  { name: 'Sandeep Kumar sahoo', role: 'employee' },
  { name: 'Super Admin', role: 'admin' },
  { name: 'Sandeep Kumar SAHOO', role: 'employee' },
  { name: 'Sandeep Kumar sahoo', role: 'employee' }
]
